// Jest Snapshot v1, https://goo.gl/fbAQLP

exports[`<HomeIcon /> should render correctly 1`] = `
<svg
  fill="none"
  height="19"
  viewBox="0 0 18 19"
  width="18"
  xmlns="http://www.w3.org/2000/svg"
>
  <path
    clip-rule="evenodd"
    d="M1 6.22222L9 0L17 6.22222V16C17 16.9818 16.2041 17.7778 15.2222 17.7778H2.77778C1.79594 17.7778 1 16.9818 1 16V6.22222Z"
    fill-rule="evenodd"
    stroke="black"
    stroke-linecap="round"
    stroke-linejoin="round"
    stroke-width="2"
  />
  <path
    d="M6.33333 17.7778V8.88892H11.6667V17.7778"
    stroke="black"
    stroke-linecap="round"
    stroke-linejoin="round"
    stroke-width="2"
  />
</svg>
`
