// Jest Snapshot v1, https://goo.gl/fbAQLP

exports[`<BookIcon /> should render correctly 1`] = `
<svg
  fill="none"
  height="19"
  viewBox="0 0 17 19"
  width="17"
  xmlns="http://www.w3.org/2000/svg"
>
  <path
    d="M1 15.75C1 14.5074 2.00736 13.5 3.25 13.5H15.4"
    stroke="#BFBEBF"
    stroke-linecap="round"
    stroke-linejoin="round"
    stroke-width="2"
  />
  <path
    clip-rule="evenodd"
    d="M3.25 0H15.4V18H3.25C2.00736 18 1 16.9926 1 15.75V2.25C1 1.00736 2.00736 0 3.25 0Z"
    fill-rule="evenodd"
    stroke="#BFBEBF"
    stroke-linecap="round"
    stroke-linejoin="round"
    stroke-width="2"
  />
</svg>
`
