// Jest Snapshot v1, https://goo.gl/fbAQLP

exports[`<BookOpenIcon /> should render correctly 1`] = `
<svg
  fill="none"
  height="16"
  viewBox="0 0 17 16"
  width="17"
  xmlns="http://www.w3.org/2000/svg"
>
  <path
    clip-rule="evenodd"
    d="M0 0H4.8C6.56731 0 8 1.59188 8 3.55556V16C8 14.5272 6.92548 13.3333 5.6 13.3333H0V0Z"
    fill-rule="evenodd"
    stroke="#CFCBD2"
    stroke-linecap="round"
    stroke-linejoin="round"
    stroke-width="2"
  />
  <path
    clip-rule="evenodd"
    d="M16 0H11.2C9.43269 0 8 1.59188 8 3.55556V16C8 14.5272 9.07452 13.3333 10.4 13.3333H16V0Z"
    fill-rule="evenodd"
    stroke="#CFCBD2"
    stroke-linecap="round"
    stroke-linejoin="round"
    stroke-width="2"
  />
</svg>
`
