// Jest Snapshot v1, https://goo.gl/fbAQLP

exports[`<BackIcon /> should render correctly 1`] = `
<svg
  fill="none"
  height="16"
  viewBox="0 0 16 16"
  width="16"
  xmlns="http://www.w3.org/2000/svg"
>
  <path
    d="M15 8H1"
    stroke="black"
    stroke-linecap="round"
    stroke-linejoin="round"
    stroke-width="2"
  />
  <path
    d="M8 15L1 8L8 1"
    stroke="black"
    stroke-linecap="round"
    stroke-linejoin="round"
    stroke-width="2"
  />
</svg>
`
