// Jest Snapshot v1, https://goo.gl/fbAQLP

exports[`<WelcomeMessage /> should render correctly 1`] = `
.c0 {
  display: -webkit-box;
  display: -webkit-flex;
  display: -ms-flexbox;
  display: flex;
  -webkit-align-items: center;
  -webkit-box-align: center;
  -ms-flex-align: center;
  align-items: center;
}

.c0 h2 {
  font-size: 2.4rem;
}

.c0 h2:first-child {
  color: #3F4043;
}

.c1 {
  margin: 0 1rem;
  color: #FF6978;
}

<div
  class="c0"
>
  <h2>
    Hi,
  </h2>
  <h2
    class="c1"
  >
    Lucas
  </h2>
  <h2>
    ðŸ‘‹
  </h2>
</div>
`
