// Jest Snapshot v1, https://goo.gl/fbAQLP

exports[`<Review > should render correctly 1`] = `
.c0 {
  position: relative;
  display: -webkit-box;
  display: -webkit-flex;
  display: -ms-flexbox;
  display: flex;
  -webkit-flex-direction: column;
  -ms-flex-direction: column;
  flex-direction: column;
  max-width: 33.5rem;
}

.c1 {
  width: 100%;
  height: 18.1rem;
}

.c2 {
  display: -webkit-box;
  display: -webkit-flex;
  display: -ms-flexbox;
  display: flex;
  -webkit-flex-direction: column;
  -ms-flex-direction: column;
  flex-direction: column;
  padding: 1.6rem 0.8rem;
}

.c3 {
  font-size: 1.4rem;
  margin-bottom: 0.6rem;
}

.c4 {
  display: -webkit-box;
  display: -webkit-flex;
  display: -ms-flexbox;
  display: flex;
  -webkit-align-items: center;
  -webkit-box-align: center;
  -ms-flex-align: center;
  align-items: center;
}

.c4 p {
  font-size: 1rem;
  color: #6a6767;
}

.c5 {
  width: 0.2rem;
  height: 0.2rem;
  border-radius: 50%;
  background: #6a6767;
  margin-top: 0.2rem;
  margin-left: 1.6rem;
  margin-right: 0.8rem;
}

.c6 {
  color: #6b6b6b;
  font-size: 1.2rem;
  margin-top: 0.5rem;
}

<div
  class="c0"
>
  <img
    alt="Don't Make Me Think"
    class="c1"
    src="img/Review.png"
  />
  <div
    class="c2"
  >
    <h2
      class="c3"
    >
      Don't Make Me Think
    </h2>
    <div
      class="c4"
    >
      <p>
        Jesse Showalter
      </p>
      <div
        class="c5"
      />
      <p>
        5.2 Views
      </p>
      <div
        class="c5"
      />
      <p>
        1 Week(s) ago
      </p>
    </div>
    <p
      class="c6"
    >
      description
    </p>
  </div>
</div>
`
