// Jest Snapshot v1, https://goo.gl/fbAQLP

exports[`<Book > should render correctly 1`] = `
.c0 {
  display: -webkit-box;
  display: -webkit-flex;
  display: -ms-flexbox;
  display: flex;
  -webkit-flex-direction: column;
  -ms-flex-direction: column;
  flex-direction: column;
  cursor: pointer;
  -webkit-transition: opacity 0.3s ease-in-out;
  transition: opacity 0.3s ease-in-out;
}

.c0:hover {
  opacity: 0.8;
}

.c0 strong {
  color: rgba(49,49,49,0.8);
  font-size: 1.2rem;
}

.c0 strong:nth-child(3) {
  font-size: 1rem;
  margin-top: 0.5rem;
}

.c1 {
  border-radius: 0.4rem;
  width: 10rem;
  height: 15rem;
  -webkit-filter: drop-shadow(0px 2px 4px rgba(229,229,229,0.5));
  filter: drop-shadow(0px 2px 4px rgba(229,229,229,0.5));
  margin-bottom: 1rem;
}

<div
  class="c0"
  data-testid="1"
>
  <img
    alt="HOOKED"
    class="c1"
    src="img/Book.png"
  />
  <strong>
    HOOKED
  </strong>
  <strong>
    by Nir Eyal
  </strong>
</div>
`
